INSTRUMENTATION_STATUS: class=com.tamalitos.malitos.BusinessFlowInstrumentedTest
INSTRUMENTATION_STATUS: current=1
INSTRUMENTATION_STATUS: id=AndroidJUnitRunner
INSTRUMENTATION_STATUS: numtests=3
INSTRUMENTATION_STATUS: stream=
com.tamalitos.malitos.BusinessFlowInstrumentedTest:
INSTRUMENTATION_STATUS: test=customerHalfPaymentInstallmentExpenseAndReopenPersistCorrectly
INSTRUMENTATION_STATUS_CODE: 1
INSTRUMENTATION_STATUS: class=com.tamalitos.malitos.BusinessFlowInstrumentedTest
INSTRUMENTATION_STATUS: current=1
INSTRUMENTATION_STATUS: id=AndroidJUnitRunner
INSTRUMENTATION_STATUS: numtests=3
INSTRUMENTATION_STATUS: stream=.
INSTRUMENTATION_STATUS: test=customerHalfPaymentInstallmentExpenseAndReopenPersistCorrectly
INSTRUMENTATION_STATUS_CODE: 0
INSTRUMENTATION_STATUS: class=com.tamalitos.malitos.BusinessFlowInstrumentedTest
INSTRUMENTATION_STATUS: current=2
INSTRUMENTATION_STATUS: id=AndroidJUnitRunner
INSTRUMENTATION_STATUS: numtests=3
INSTRUMENTATION_STATUS: stream=
INSTRUMENTATION_STATUS: test=unpaidOrderRemainsDebtAfterDelivery
INSTRUMENTATION_STATUS_CODE: 1
INSTRUMENTATION_STATUS: class=com.tamalitos.malitos.BusinessFlowInstrumentedTest
INSTRUMENTATION_STATUS: current=2
INSTRUMENTATION_STATUS: id=AndroidJUnitRunner
INSTRUMENTATION_STATUS: numtests=3
INSTRUMENTATION_STATUS: stream=.
INSTRUMENTATION_STATUS: test=unpaidOrderRemainsDebtAfterDelivery
INSTRUMENTATION_STATUS_CODE: 0
INSTRUMENTATION_STATUS: class=com.tamalitos.malitos.NativeWorkflowInstrumentedTest
INSTRUMENTATION_STATUS: current=3
INSTRUMENTATION_STATUS: id=AndroidJUnitRunner
INSTRUMENTATION_STATUS: numtests=3
INSTRUMENTATION_STATUS: stream=
com.tamalitos.malitos.NativeWorkflowInstrumentedTest:
INSTRUMENTATION_STATUS: test=registerCustomerOrderHalfThenLiquidateAndRegisterExpenseThroughScreens
INSTRUMENTATION_STATUS_CODE: 1
INSTRUMENTATION_STATUS: class=com.tamalitos.malitos.NativeWorkflowInstrumentedTest
INSTRUMENTATION_STATUS: current=3
INSTRUMENTATION_STATUS: id=AndroidJUnitRunner
INSTRUMENTATION_STATUS: numtests=3
INSTRUMENTATION_STATUS: stack=androidx.test.espresso.base.RootViewPicker$RootViewWithoutFocusException: Waited for the root of the view hierarchy to have window focus and not request layout for 10 seconds. If you specified a non default root matcher, it may be picking a root that never takes focus. Root:
Root{application-window-token=android.view.ViewRootImpl$W@7e65fd0, window-token=android.view.ViewRootImpl$W@7e65fd0, has-window-focus=false, layout-params-type=1, layout-params-string=WM.LayoutParams{(0,0)(fillxfill) sim=#10 ty=1 fl=#81810100 pfl=0x20000 wanim=0x10302f6 needsMenuKey=2 colorMode=0}, decor-view-string=DecorView{id=-1, visibility=VISIBLE, width=720, height=1280, has-focus=false, has-focusable=true, has-window-focus=false, is-clickable=false, is-enabled=true, is-focused=false, is-focusable=false, is-layout-requested=false, is-selected=false, layout-params=WM.LayoutParams{(0,0)(fillxfill) sim=#10 ty=1 fl=#81810100 pfl=0x20000 wanim=0x10302f6 needsMenuKey=2 colorMode=0}, tag=null, root-is-layout-requested=false, has-input-connection=false, x=0.0, y=0.0, child-count=3}}
	at dalvik.system.VMStack.getThreadStackTrace(Native Method)
	at java.lang.Thread.getStackTrace(Thread.java:1538)
	at androidx.test.espresso.base.EspressoExceptionHandler.handleSafely(EspressoExceptionHandler.java:34)
	at androidx.test.espresso.base.EspressoExceptionHandler.handleSafely(EspressoExceptionHandler.java:26)
	at androidx.test.espresso.base.DefaultFailureHandler$TypedFailureHandler.handle(DefaultFailureHandler.java:158)
	at androidx.test.espresso.base.DefaultFailureHandler.handle(DefaultFailureHandler.java:120)
	at androidx.test.espresso.ViewInteraction.waitForAndHandleInteractionResults(ViewInteraction.java:385)
	at androidx.test.espresso.ViewInteraction.desugaredPerform(ViewInteraction.java:212)
	at androidx.test.espresso.ViewInteraction.perform(ViewInteraction.java:140)
	at androidx.test.espresso.DataInteraction$DisplayDataMatcher.lambda$new$0(DataInteraction.java:213)
	at androidx.test.espresso.DataInteraction$DisplayDataMatcher$$ExternalSyntheticLambda0.invoke(D8$$SyntheticClass:0)
	at androidx.test.espresso.DataInteraction$DisplayDataMatcher.<init>(DataInteraction.java:229)
	at androidx.test.espresso.DataInteraction$DisplayDataMatcher.<init>(DataInteraction.java:207)
	at androidx.test.espresso.DataInteraction$DisplayDataMatcher.displayDataMatcher(DataInteraction.java:277)
	at androidx.test.espresso.DataInteraction.makeTargetMatcher(DataInteraction.java:152)
	at androidx.test.espresso.DataInteraction.perform(DataInteraction.java:137)
	at com.tamalitos.malitos.NativeWorkflowInstrumentedTest.registerCustomerOrderHalfThenLiquidateAndRegisterExpenseThroughScreens(NativeWorkflowInstrumentedTest.kt:34)

INSTRUMENTATION_STATUS: stream=
Error in registerCustomerOrderHalfThenLiquidateAndRegisterExpenseThroughScreens(com.tamalitos.malitos.NativeWorkflowInstrumentedTest):
androidx.test.espresso.base.RootViewPicker$RootViewWithoutFocusException: Waited for the root of the view hierarchy to have window focus and not request layout for 10 seconds. If you specified a non default root matcher, it may be picking a root that never takes focus. Root:
Root{application-window-token=android.view.ViewRootImpl$W@7e65fd0, window-token=android.view.ViewRootImpl$W@7e65fd0, has-window-focus=false, layout-params-type=1, layout-params-string=WM.LayoutParams{(0,0)(fillxfill) sim=#10 ty=1 fl=#81810100 pfl=0x20000 wanim=0x10302f6 needsMenuKey=2 colorMode=0}, decor-view-string=DecorView{id=-1, visibility=VISIBLE, width=720, height=1280, has-focus=false, has-focusable=true, has-window-focus=false, is-clickable=false, is-enabled=true, is-focused=false, is-focusable=false, is-layout-requested=false, is-selected=false, layout-params=WM.LayoutParams{(0,0)(fillxfill) sim=#10 ty=1 fl=#81810100 pfl=0x20000 wanim=0x10302f6 needsMenuKey=2 colorMode=0}, tag=null, root-is-layout-requested=false, has-input-connection=false, x=0.0, y=0.0, child-count=3}}
	at dalvik.system.VMStack.getThreadStackTrace(Native Method)
	at java.lang.Thread.getStackTrace(Thread.java:1538)
	at androidx.test.espresso.base.EspressoExceptionHandler.handleSafely(EspressoExceptionHandler.java:34)
	at androidx.test.espresso.base.EspressoExceptionHandler.handleSafely(EspressoExceptionHandler.java:26)
	at androidx.test.espresso.base.DefaultFailureHandler$TypedFailureHandler.handle(DefaultFailureHandler.java:158)
	at androidx.test.espresso.base.DefaultFailureHandler.handle(DefaultFailureHandler.java:120)
	at androidx.test.espresso.ViewInteraction.waitForAndHandleInteractionResults(ViewInteraction.java:385)
	at androidx.test.espresso.ViewInteraction.desugaredPerform(ViewInteraction.java:212)
	at androidx.test.espresso.ViewInteraction.perform(ViewInteraction.java:140)
	at androidx.test.espresso.DataInteraction$DisplayDataMatcher.lambda$new$0(DataInteraction.java:213)
	at androidx.test.espresso.DataInteraction$DisplayDataMatcher$$ExternalSyntheticLambda0.invoke(D8$$SyntheticClass:0)
	at androidx.test.espresso.DataInteraction$DisplayDataMatcher.<init>(DataInteraction.java:229)
	at androidx.test.espresso.DataInteraction$DisplayDataMatcher.<init>(DataInteraction.java:207)
	at androidx.test.espresso.DataInteraction$DisplayDataMatcher.displayDataMatcher(DataInteraction.java:277)
	at androidx.test.espresso.DataInteraction.makeTargetMatcher(DataInteraction.java:152)
	at androidx.test.espresso.DataInteraction.perform(DataInteraction.java:137)
	at com.tamalitos.malitos.NativeWorkflowInstrumentedTest.registerCustomerOrderHalfThenLiquidateAndRegisterExpenseThroughScreens(NativeWorkflowInstrumentedTest.kt:34)

INSTRUMENTATION_STATUS: test=registerCustomerOrderHalfThenLiquidateAndRegisterExpenseThroughScreens
INSTRUMENTATION_STATUS_CODE: -2
INSTRUMENTATION_RESULT: stream=

Time: 25.404
There was 1 failure:
1) registerCustomerOrderHalfThenLiquidateAndRegisterExpenseThroughScreens(com.tamalitos.malitos.NativeWorkflowInstrumentedTest)
androidx.test.espresso.base.RootViewPicker$RootViewWithoutFocusException: Waited for the root of the view hierarchy to have window focus and not request layout for 10 seconds. If you specified a non default root matcher, it may be picking a root that never takes focus. Root:
Root{application-window-token=android.view.ViewRootImpl$W@7e65fd0, window-token=android.view.ViewRootImpl$W@7e65fd0, has-window-focus=false, layout-params-type=1, layout-params-string=WM.LayoutParams{(0,0)(fillxfill) sim=#10 ty=1 fl=#81810100 pfl=0x20000 wanim=0x10302f6 needsMenuKey=2 colorMode=0}, decor-view-string=DecorView{id=-1, visibility=VISIBLE, width=720, height=1280, has-focus=false, has-focusable=true, has-window-focus=false, is-clickable=false, is-enabled=true, is-focused=false, is-focusable=false, is-layout-requested=false, is-selected=false, layout-params=WM.LayoutParams{(0,0)(fillxfill) sim=#10 ty=1 fl=#81810100 pfl=0x20000 wanim=0x10302f6 needsMenuKey=2 colorMode=0}, tag=null, root-is-layout-requested=false, has-input-connection=false, x=0.0, y=0.0, child-count=3}}
	at dalvik.system.VMStack.getThreadStackTrace(Native Method)
	at java.lang.Thread.getStackTrace(Thread.java:1538)
	at androidx.test.espresso.base.EspressoExceptionHandler.handleSafely(EspressoExceptionHandler.java:34)
	at androidx.test.espresso.base.EspressoExceptionHandler.handleSafely(EspressoExceptionHandler.java:26)
	at androidx.test.espresso.base.DefaultFailureHandler$TypedFailureHandler.handle(DefaultFailureHandler.java:158)
	at androidx.test.espresso.base.DefaultFailureHandler.handle(DefaultFailureHandler.java:120)
	at androidx.test.espresso.ViewInteraction.waitForAndHandleInteractionResults(ViewInteraction.java:385)
	at androidx.test.espresso.ViewInteraction.desugaredPerform(ViewInteraction.java:212)
	at androidx.test.espresso.ViewInteraction.perform(ViewInteraction.java:140)
	at androidx.test.espresso.DataInteraction$DisplayDataMatcher.lambda$new$0(DataInteraction.java:213)
	at androidx.test.espresso.DataInteraction$DisplayDataMatcher$$ExternalSyntheticLambda0.invoke(D8$$SyntheticClass:0)
	at androidx.test.espresso.DataInteraction$DisplayDataMatcher.<init>(DataInteraction.java:229)
	at androidx.test.espresso.DataInteraction$DisplayDataMatcher.<init>(DataInteraction.java:207)
	at androidx.test.espresso.DataInteraction$DisplayDataMatcher.displayDataMatcher(DataInteraction.java:277)
	at androidx.test.espresso.DataInteraction.makeTargetMatcher(DataInteraction.java:152)
	at androidx.test.espresso.DataInteraction.perform(DataInteraction.java:137)
	at com.tamalitos.malitos.NativeWorkflowInstrumentedTest.registerCustomerOrderHalfThenLiquidateAndRegisterExpenseThroughScreens(NativeWorkflowInstrumentedTest.kt:34)

FAILURES!!!
Tests run: 3,  Failures: 1


INSTRUMENTATION_CODE: -1
