test_modern_cloud_and_device_transfer_exclude_business_storage (__main__.ConfigurationSafetyTests.test_modern_cloud_and_device_transfer_exclude_business_storage) ... ok
test_platform_backup_disabled_and_modern_rules_declared (__main__.ConfigurationSafetyTests.test_platform_backup_disabled_and_modern_rules_declared) ... ok

----------------------------------------------------------------------
Ran 2 tests in 0.019s

OK
To honour the JVM settings for this build a single-use Daemon process will be forked. For more on this, please refer to https://docs.gradle.org/8.11.1/userguide/gradle_daemon.html#sec:disabling_the_daemon in the Gradle documentation.
Daemon will be stopped at the end of the build 
> Task :app:preBuild UP-TO-DATE
> Task :app:preDebugBuild UP-TO-DATE
> Task :app:mergeDebugNativeDebugMetadata NO-SOURCE
> Task :app:checkKotlinGradlePluginConfigurationErrors SKIPPED
> Task :app:checkDebugAarMetadata UP-TO-DATE
> Task :app:generateDebugResValues UP-TO-DATE
> Task :app:mapDebugSourceSetPaths UP-TO-DATE
> Task :app:generateDebugResources UP-TO-DATE
> Task :app:mergeDebugResources UP-TO-DATE
> Task :app:packageDebugResources UP-TO-DATE
> Task :app:parseDebugLocalResources UP-TO-DATE
> Task :app:createDebugCompatibleScreenManifests UP-TO-DATE
> Task :app:extractDeepLinksDebug UP-TO-DATE
> Task :app:processDebugMainManifest UP-TO-DATE
> Task :app:processDebugManifest UP-TO-DATE
> Task :app:processDebugManifestForPackage UP-TO-DATE
> Task :app:processDebugResources UP-TO-DATE
> Task :app:compileDebugKotlin UP-TO-DATE
> Task :app:javaPreCompileDebug UP-TO-DATE
> Task :app:compileDebugJavaWithJavac NO-SOURCE
> Task :app:mergeDebugShaders UP-TO-DATE
> Task :app:compileDebugShaders NO-SOURCE
> Task :app:generateDebugAssets UP-TO-DATE
> Task :app:mergeDebugAssets UP-TO-DATE
> Task :app:compressDebugAssets UP-TO-DATE
> Task :app:desugarDebugFileDependencies UP-TO-DATE
> Task :app:dexBuilderDebug
> Task :app:mergeDebugGlobalSynthetics UP-TO-DATE
> Task :app:processDebugJavaRes UP-TO-DATE
> Task :app:mergeDebugJavaResource UP-TO-DATE
> Task :app:checkDebugDuplicateClasses UP-TO-DATE
> Task :app:mergeExtDexDebug UP-TO-DATE
> Task :app:mergeLibDexDebug UP-TO-DATE
> Task :app:mergeProjectDexDebug
> Task :app:mergeDebugJniLibFolders UP-TO-DATE
> Task :app:mergeDebugNativeLibs NO-SOURCE
> Task :app:stripDebugDebugSymbols NO-SOURCE
> Task :app:validateSigningDebug UP-TO-DATE
> Task :app:writeDebugAppMetadata UP-TO-DATE
> Task :app:writeDebugSigningConfigVersions UP-TO-DATE
> Task :app:packageDebug
> Task :app:createDebugApkListingFileRedirect UP-TO-DATE
> Task :app:assembleDebug
> Task :app:bundleDebugClassesToRuntimeJar UP-TO-DATE
> Task :app:bundleDebugClassesToCompileJar UP-TO-DATE
> Task :app:compileDebugUnitTestKotlin UP-TO-DATE
> Task :app:preDebugUnitTestBuild UP-TO-DATE
> Task :app:javaPreCompileDebugUnitTest UP-TO-DATE
> Task :app:compileDebugUnitTestJavaWithJavac NO-SOURCE
> Task :app:packageDebugUnitTestForUnitTest UP-TO-DATE
> Task :app:generateDebugUnitTestConfig UP-TO-DATE
> Task :app:processDebugUnitTestJavaRes UP-TO-DATE
> Task :app:testDebugUnitTest
> Task :app:preDebugAndroidTestBuild SKIPPED
> Task :app:generateDebugAndroidTestResValues UP-TO-DATE
> Task :app:generateDebugAndroidTestLintModel
> Task :app:extractProguardFiles UP-TO-DATE
> Task :app:generateDebugLintReportModel
> Task :app:generateDebugUnitTestLintModel
> Task :app:lintAnalyzeDebug
> Task :app:lintAnalyzeDebugAndroidTest
> Task :app:lintAnalyzeDebugUnitTest
> Task :app:lintReportDebug UP-TO-DATE
> Task :app:lintDebug
> Task :app:checkDebugAndroidTestAarMetadata UP-TO-DATE
> Task :app:mapDebugAndroidTestSourceSetPaths UP-TO-DATE
> Task :app:generateDebugAndroidTestResources UP-TO-DATE
> Task :app:mergeDebugAndroidTestResources UP-TO-DATE
> Task :app:processDebugAndroidTestManifest UP-TO-DATE
> Task :app:processDebugAndroidTestResources UP-TO-DATE
> Task :app:compileDebugAndroidTestKotlin
> Task :app:javaPreCompileDebugAndroidTest UP-TO-DATE
> Task :app:compileDebugAndroidTestJavaWithJavac NO-SOURCE
> Task :app:mergeDebugAndroidTestShaders UP-TO-DATE
> Task :app:compileDebugAndroidTestShaders NO-SOURCE
> Task :app:generateDebugAndroidTestAssets UP-TO-DATE
> Task :app:mergeDebugAndroidTestAssets UP-TO-DATE
> Task :app:compressDebugAndroidTestAssets UP-TO-DATE
> Task :app:desugarDebugAndroidTestFileDependencies UP-TO-DATE
> Task :app:dexBuilderDebugAndroidTest UP-TO-DATE
> Task :app:mergeDebugAndroidTestGlobalSynthetics UP-TO-DATE
> Task :app:processDebugAndroidTestJavaRes UP-TO-DATE
> Task :app:mergeDebugAndroidTestJavaResource UP-TO-DATE
> Task :app:checkDebugAndroidTestDuplicateClasses UP-TO-DATE
> Task :app:mergeExtDexDebugAndroidTest UP-TO-DATE
> Task :app:mergeLibDexDebugAndroidTest UP-TO-DATE
> Task :app:mergeProjectDexDebugAndroidTest UP-TO-DATE
> Task :app:mergeDebugAndroidTestJniLibFolders UP-TO-DATE
> Task :app:mergeDebugAndroidTestNativeLibs NO-SOURCE
> Task :app:stripDebugAndroidTestDebugSymbols NO-SOURCE
> Task :app:validateSigningDebugAndroidTest UP-TO-DATE
> Task :app:writeDebugAndroidTestSigningConfigVersions UP-TO-DATE
> Task :app:packageDebugAndroidTest UP-TO-DATE
> Task :app:createDebugAndroidTestApkListingFileRedirect UP-TO-DATE
> Task :app:assembleDebugAndroidTest UP-TO-DATE

BUILD SUCCESSFUL in 1m 33s
76 actionable tasks: 12 executed, 64 up-to-date
{
  "jvm": {
    "tests": 92,
    "failures": 0,
    "errors": 0,
    "skipped": 0
  },
  "suites": [
    {
      "name": "com.tamalitos.malitos.BackupTest",
      "tests": 4,
      "failures": 0,
      "errors": 0,
      "skipped": 0
    },
    {
      "name": "com.tamalitos.malitos.BoundaryAllocationTest",
      "tests": 2,
      "failures": 0,
      "errors": 0,
      "skipped": 0
    },
    {
      "name": "com.tamalitos.malitos.BusinessRulesTest",
      "tests": 2,
      "failures": 0,
      "errors": 0,
      "skipped": 0
    },
    {
      "name": "com.tamalitos.malitos.BusinessStoreTest",
      "tests": 12,
      "failures": 0,
      "errors": 0,
      "skipped": 0
    },
    {
      "name": "com.tamalitos.malitos.DataModelsTest",
      "tests": 4,
      "failures": 0,
      "errors": 0,
      "skipped": 0
    },
    {
      "name": "com.tamalitos.malitos.DriveApiTest",
      "tests": 7,
      "failures": 0,
      "errors": 0,
      "skipped": 0
    },
    {
      "name": "com.tamalitos.malitos.DriveBackgroundTest",
      "tests": 3,
      "failures": 0,
      "errors": 0,
      "skipped": 0
    },
    {
      "name": "com.tamalitos.malitos.DriveControllerTest",
      "tests": 4,
      "failures": 0,
      "errors": 0,
      "skipped": 0
    },
    {
      "name": "com.tamalitos.malitos.DriveHttpsTransportTest",
      "tests": 1,
      "failures": 0,
      "errors": 0,
      "skipped": 0
    },
    {
      "name": "com.tamalitos.malitos.DriveSnapshotTest",
      "tests": 2,
      "failures": 0,
      "errors": 0,
      "skipped": 0
    },
    {
      "name": "com.tamalitos.malitos.DriveStateTest",
      "tests": 3,
      "failures": 0,
      "errors": 0,
      "skipped": 0
    },
    {
      "name": "com.tamalitos.malitos.ReviewDriveResetTest",
      "tests": 4,
      "failures": 0,
      "errors": 0,
      "skipped": 0
    },
    {
      "name": "com.tamalitos.malitos.ReviewEditorTest",
      "tests": 4,
      "failures": 0,
      "errors": 0,
      "skipped": 0
    },
    {
      "name": "com.tamalitos.malitos.ReviewGenerationTest",
      "tests": 7,
      "failures": 0,
      "errors": 0,
      "skipped": 0
    },
    {
      "name": "com.tamalitos.malitos.ReviewIdLimitTest",
      "tests": 4,
      "failures": 0,
      "errors": 0,
      "skipped": 0
    },
    {
      "name": "com.tamalitos.malitos.ReviewReplacementTest",
      "tests": 3,
      "failures": 0,
      "errors": 0,
      "skipped": 0
    },
    {
      "name": "com.tamalitos.malitos.ReviewSafetyRecoveryTest",
      "tests": 2,
      "failures": 0,
      "errors": 0,
      "skipped": 0
    },
    {
      "name": "com.tamalitos.malitos.UiActivityTest",
      "tests": 8,
      "failures": 0,
      "errors": 0,
      "skipped": 0
    },
    {
      "name": "com.tamalitos.malitos.UiBackupFilesTest",
      "tests": 5,
      "failures": 0,
      "errors": 0,
      "skipped": 0
    },
    {
      "name": "com.tamalitos.malitos.UiPeriodTest",
      "tests": 4,
      "failures": 0,
      "errors": 0,
      "skipped": 0
    },
    {
      "name": "com.tamalitos.malitos.UiWorkflowTest",
      "tests": 7,
      "failures": 0,
      "errors": 0,
      "skipped": 0
    }
  ],
  "lint": {
    "Error": 0,
    "Fatal": 0,
    "Warning": 32,
    "Information": 0
  },
  "androidInstrumented": null,
  "apk": {
    "path": "/home/rudys/proyectos/App gestion kt/app/build/outputs/apk/debug/app-debug.apk",
    "bytes": 3739207,
    "sha256": "b7ecc345ef017407bb5882d5b28cd17637eb55de3101419f895d64388a2e350c"
  },
  "wordUnmodified": true,
  "wordSha256": "f6573f20095bc58f485ad26ffaf09d73e0bf5ef0afdf02ba3d5ec5b04f1e70d9",
  "googleDriveLiveTested": false,
  "googleDrivePending": "Google Cloud and authorized account setup"
}

Android runtime not run by this invocation; start an emulator then use --emulator.
