To honour the JVM settings for this build a single-use Daemon process will be forked. For more on this, please refer to https://docs.gradle.org/8.11.1/userguide/gradle_daemon.html#sec:disabling_the_daemon in the Gradle documentation.
Daemon will be stopped at the end of the build 
> Task :app:preBuild UP-TO-DATE
> Task :app:preDebugBuild UP-TO-DATE
> Task :app:mergeDebugNativeDebugMetadata NO-SOURCE
> Task :app:checkKotlinGradlePluginConfigurationErrors SKIPPED
> Task :app:checkDebugAarMetadata UP-TO-DATE
> Task :app:generateDebugResValues UP-TO-DATE
> Task :app:mapDebugSourceSetPaths UP-TO-DATE
> Task :app:generateDebugResources UP-TO-DATE
> Task :app:mergeDebugResources UP-TO-DATE
> Task :app:packageDebugResources UP-TO-DATE
> Task :app:parseDebugLocalResources UP-TO-DATE
> Task :app:createDebugCompatibleScreenManifests UP-TO-DATE
> Task :app:extractDeepLinksDebug UP-TO-DATE
> Task :app:processDebugMainManifest UP-TO-DATE
> Task :app:processDebugManifest UP-TO-DATE
> Task :app:processDebugManifestForPackage UP-TO-DATE
> Task :app:processDebugResources UP-TO-DATE

> Task :app:compileDebugKotlin
w: file:///home/rudys/proyectos/App%20gestion%20kt/app/src/main/java/com/tamalitos/malitos/MainActivity.kt:103:20 'fun onBackPressed(): Unit' is deprecated. Deprecated in Java.

> Task :app:javaPreCompileDebug UP-TO-DATE
> Task :app:compileDebugJavaWithJavac NO-SOURCE
> Task :app:mergeDebugShaders UP-TO-DATE
> Task :app:compileDebugShaders NO-SOURCE
> Task :app:generateDebugAssets UP-TO-DATE
> Task :app:mergeDebugAssets UP-TO-DATE
> Task :app:compressDebugAssets
> Task :app:desugarDebugFileDependencies
> Task :app:dexBuilderDebug
> Task :app:mergeDebugGlobalSynthetics
> Task :app:processDebugJavaRes UP-TO-DATE
> Task :app:mergeDebugJavaResource
> Task :app:checkDebugDuplicateClasses
> Task :app:mergeExtDexDebug
> Task :app:mergeLibDexDebug
> Task :app:mergeProjectDexDebug
> Task :app:mergeDebugJniLibFolders
> Task :app:mergeDebugNativeLibs NO-SOURCE
> Task :app:stripDebugDebugSymbols NO-SOURCE
> Task :app:validateSigningDebug
> Task :app:writeDebugAppMetadata
> Task :app:writeDebugSigningConfigVersions
> Task :app:packageDebug
> Task :app:createDebugApkListingFileRedirect
> Task :app:assembleDebug
> Task :app:bundleDebugClassesToRuntimeJar
> Task :app:bundleDebugClassesToCompileJar

> Task :app:compileDebugUnitTestKotlin
w: file:///home/rudys/proyectos/App%20gestion%20kt/app/src/test/java/com/tamalitos/malitos/UiActivityTest.kt:89:45 'fun <T : Parcelable!> getParcelableArrayList(p0: String?): ArrayList<T!>?' is deprecated. Deprecated in Java.

> Task :app:preDebugUnitTestBuild UP-TO-DATE
> Task :app:javaPreCompileDebugUnitTest UP-TO-DATE
> Task :app:compileDebugUnitTestJavaWithJavac NO-SOURCE
> Task :app:packageDebugUnitTestForUnitTest UP-TO-DATE
> Task :app:generateDebugUnitTestConfig UP-TO-DATE
> Task :app:processDebugUnitTestJavaRes UP-TO-DATE

> Task :app:testDebugUnitTest

DriveApiTest > noRecognizedSnapshotCannotRestoreArbitraryJson FAILED
    java.lang.IllegalStateException at WorkManagerImpl.java:170

DriveApiTest > retentionKeepsTenAfterVerificationAndNeverDeletesUnknownFiles FAILED
    java.lang.IllegalStateException at WorkManagerImpl.java:170

DriveApiTest > rejectsCommitMetadataThatNoLongerMatchesUploadedBytes FAILED
    java.lang.IllegalStateException at WorkManagerImpl.java:170

DriveApiTest > corruptMediaChecksumOrWrongTargetCannotMarkVerifiedOrPrune FAILED
    java.lang.IllegalStateException at WorkManagerImpl.java:170

DriveApiTest > uploadReadsBackExactTargetBeforeReturningSuccess FAILED
    java.lang.IllegalStateException at WorkManagerImpl.java:170

DriveApiTest > restoresOnlyNewestVerifiedOwnedSnapshotAfterCheckingDownloadedChecksum FAILED
    java.lang.IllegalStateException at WorkManagerImpl.java:170

DriveApiTest > httpFailuresCannotBecomeBackupSuccessOrPruneFiles FAILED
    java.lang.IllegalStateException at WorkManagerImpl.java:170

DriveSnapshotTest > wrapsVersionedBusinessJsonWithTimestampWithoutChangingPayload FAILED
    java.lang.IllegalStateException at WorkManagerImpl.java:170

DriveSnapshotTest > rejectsForeignOrFutureSnapshotWithoutReturningBusinessData FAILED
    java.lang.IllegalStateException at WorkManagerImpl.java:170

UiWorkflowTest > customerCanBeAddedAndEditedUsingNativeForm FAILED
    java.util.NoSuchElementException at UiWorkflowTest.kt:37

UiWorkflowTest > expenseCanBeAddedAndEditedWithCategoryAndDate FAILED
    java.util.NoSuchElementException at UiWorkflowTest.kt:90

UiWorkflowTest > excessivePaymentDoesNotDismissOrChangeHistory FAILED
    java.lang.AssertionError at UiWorkflowTest.kt:78

UiWorkflowTest > multipleCustomItemsAndHalfPaymentAreSavedAtomically FAILED
    java.util.NoSuchElementException at UiWorkflowTest.kt:59

66 tests completed, 13 failed

> Task :app:testDebugUnitTest FAILED

FAILURE: Build failed with an exception.

* What went wrong:
Execution failed for task ':app:testDebugUnitTest'.
> There were failing tests. See the report at: file:///home/rudys/proyectos/App%20gestion%20kt/app/build/reports/tests/testDebugUnitTest/index.html

* Try:
> Run with --scan to get full insights.

BUILD FAILED in 2m 3s
41 actionable tasks: 20 executed, 21 up-to-date
