package: name='com.tamalitos.malitos' versionCode='2' versionName='1.1.0' platformBuildVersionName='15' platformBuildVersionCode='35' compileSdkVersion='35' compileSdkVersionCodename='15'
sdkVersion:'27'
targetSdkVersion:'34'
uses-permission: name='android.permission.INTERNET'
uses-permission: name='android.permission.ACCESS_NETWORK_STATE'
uses-permission: name='android.permission.WAKE_LOCK'
uses-permission: name='android.permission.RECEIVE_BOOT_COMPLETED'
uses-permission: name='android.permission.FOREGROUND_SERVICE'
uses-permission: name='com.tamalitos.malitos.DYNAMIC_RECEIVER_NOT_EXPORTED_PERMISSION'
application-label:'Tamalitos Malitos'
application-label-af:'Tamalitos Malitos'
application-label-am:'Tamalitos Malitos'
application-label-ar:'Tamalitos Malitos'
application-label-as:'Tamalitos Malitos'
application-label-az:'Tamalitos Malitos'
application-label-be:'Tamalitos Malitos'
application-label-bg:'Tamalitos Malitos'
application-label-bn:'Tamalitos Malitos'
application-label-bs:'Tamalitos Malitos'
application-label-ca:'Tamalitos Malitos'
application-label-cs:'Tamalitos Malitos'
application-label-da:'Tamalitos Malitos'
application-label-de:'Tamalitos Malitos'
application-label-el:'Tamalitos Malitos'
application-label-en-AU:'Tamalitos Malitos'
application-label-en-CA:'Tamalitos Malitos'
application-label-en-GB:'Tamalitos Malitos'
application-label-en-IN:'Tamalitos Malitos'
application-label-en-XC:'Tamalitos Malitos'
application-label-es:'Tamalitos Malitos'
application-label-es-US:'Tamalitos Malitos'
application-label-et:'Tamalitos Malitos'
application-label-eu:'Tamalitos Malitos'
application-label-fa:'Tamalitos Malitos'
application-label-fi:'Tamalitos Malitos'
application-label-fr:'Tamalitos Malitos'
application-label-fr-CA:'Tamalitos Malitos'
application-label-gl:'Tamalitos Malitos'
application-label-gu:'Tamalitos Malitos'
application-label-hi:'Tamalitos Malitos'
application-label-hr:'Tamalitos Malitos'
application-label-hu:'Tamalitos Malitos'
application-label-hy:'Tamalitos Malitos'
application-label-in:'Tamalitos Malitos'
application-label-is:'Tamalitos Malitos'
application-label-it:'Tamalitos Malitos'
application-label-iw:'Tamalitos Malitos'
application-label-ja:'Tamalitos Malitos'
application-label-ka:'Tamalitos Malitos'
application-label-kk:'Tamalitos Malitos'
application-label-km:'Tamalitos Malitos'
application-label-kn:'Tamalitos Malitos'
application-label-ko:'Tamalitos Malitos'
application-label-ky:'Tamalitos Malitos'
application-label-lo:'Tamalitos Malitos'
application-label-lt:'Tamalitos Malitos'
application-label-lv:'Tamalitos Malitos'
application-label-mk:'Tamalitos Malitos'
application-label-ml:'Tamalitos Malitos'
application-label-mn:'Tamalitos Malitos'
application-label-mr:'Tamalitos Malitos'
application-label-ms:'Tamalitos Malitos'
application-label-my:'Tamalitos Malitos'
application-label-nb:'Tamalitos Malitos'
application-label-ne:'Tamalitos Malitos'
application-label-nl:'Tamalitos Malitos'
application-label-or:'Tamalitos Malitos'
application-label-pa:'Tamalitos Malitos'
application-label-pl:'Tamalitos Malitos'
application-label-pt:'Tamalitos Malitos'
application-label-pt-BR:'Tamalitos Malitos'
application-label-pt-PT:'Tamalitos Malitos'
application-label-ro:'Tamalitos Malitos'
application-label-ru:'Tamalitos Malitos'
application-label-si:'Tamalitos Malitos'
application-label-sk:'Tamalitos Malitos'
application-label-sl:'Tamalitos Malitos'
application-label-sq:'Tamalitos Malitos'
application-label-sr:'Tamalitos Malitos'
application-label-sr-Latn:'Tamalitos Malitos'
application-label-sv:'Tamalitos Malitos'
application-label-sw:'Tamalitos Malitos'
application-label-ta:'Tamalitos Malitos'
application-label-te:'Tamalitos Malitos'
application-label-th:'Tamalitos Malitos'
application-label-tl:'Tamalitos Malitos'
application-label-tr:'Tamalitos Malitos'
application-label-uk:'Tamalitos Malitos'
application-label-ur:'Tamalitos Malitos'
application-label-uz:'Tamalitos Malitos'
application-label-vi:'Tamalitos Malitos'
application-label-zh-CN:'Tamalitos Malitos'
application-label-zh-HK:'Tamalitos Malitos'
application-label-zh-TW:'Tamalitos Malitos'
application-label-zu:'Tamalitos Malitos'
application-icon-120:'res/drawable/ic_tamal.xml'
application-icon-160:'res/drawable/ic_tamal.xml'
application-icon-240:'res/drawable/ic_tamal.xml'
application-icon-320:'res/drawable/ic_tamal.xml'
application-icon-480:'res/drawable/ic_tamal.xml'
application-icon-640:'res/drawable/ic_tamal.xml'
application-icon-65534:'res/drawable/ic_tamal.xml'
application: label='Tamalitos Malitos' icon='res/drawable/ic_tamal.xml'
application-debuggable
launchable-activity: name='com.tamalitos.malitos.MainActivity'  label='' icon=''
uses-library-not-required:'androidx.window.extensions'
uses-library-not-required:'androidx.window.sidecar'
feature-group: label=''
  uses-feature: name='android.hardware.faketouch'
  uses-implied-feature: name='android.hardware.faketouch' reason='default feature for all apps'
main
other-activities
other-receivers
other-services
supports-screens: 'small' 'normal' 'large' 'xlarge'
supports-any-density: 'true'
locales: '--_--' 'af' 'am' 'ar' 'as' 'az' 'be' 'bg' 'bn' 'bs' 'ca' 'cs' 'da' 'de' 'el' 'en-AU' 'en-CA' 'en-GB' 'en-IN' 'en-XC' 'es' 'es-US' 'et' 'eu' 'fa' 'fi' 'fr' 'fr-CA' 'gl' 'gu' 'hi' 'hr' 'hu' 'hy' 'in' 'is' 'it' 'iw' 'ja' 'ka' 'kk' 'km' 'kn' 'ko' 'ky' 'lo' 'lt' 'lv' 'mk' 'ml' 'mn' 'mr' 'ms' 'my' 'nb' 'ne' 'nl' 'or' 'pa' 'pl' 'pt' 'pt-BR' 'pt-PT' 'ro' 'ru' 'si' 'sk' 'sl' 'sq' 'sr' 'sr-Latn' 'sv' 'sw' 'ta' 'te' 'th' 'tl' 'tr' 'uk' 'ur' 'uz' 'vi' 'zh-CN' 'zh-HK' 'zh-TW' 'zu'
densities: '120' '160' '240' '320' '480' '640' '65534'
native-code: 'arm64-v8a' 'armeabi-v7a' 'x86' 'x86_64'
