To honour the JVM settings for this build a single-use Daemon process will be forked. For more on this, please refer to https://docs.gradle.org/8.11.1/userguide/gradle_daemon.html#sec:disabling_the_daemon in the Gradle documentation.
Daemon will be stopped at the end of the build 
> Task :app:checkKotlinGradlePluginConfigurationErrors SKIPPED
> Task :app:preBuild UP-TO-DATE
> Task :app:preDebugBuild UP-TO-DATE
> Task :app:checkDebugAarMetadata UP-TO-DATE
> Task :app:generateDebugResValues UP-TO-DATE
> Task :app:mapDebugSourceSetPaths UP-TO-DATE
> Task :app:generateDebugResources UP-TO-DATE
> Task :app:mergeDebugResources UP-TO-DATE
> Task :app:packageDebugResources UP-TO-DATE
> Task :app:parseDebugLocalResources UP-TO-DATE
> Task :app:createDebugCompatibleScreenManifests UP-TO-DATE
> Task :app:extractDeepLinksDebug UP-TO-DATE
> Task :app:processDebugMainManifest UP-TO-DATE
> Task :app:processDebugManifest UP-TO-DATE
> Task :app:processDebugManifestForPackage UP-TO-DATE
> Task :app:processDebugResources UP-TO-DATE

> Task :app:compileDebugKotlin FAILED
e: file:///home/rudys/proyectos/App%20gestion%20kt/app/src/main/java/com/tamalitos/malitos/MainActivity.kt:16:34 Unresolved reference 'DriveController'.
e: file:///home/rudys/proyectos/App%20gestion%20kt/app/src/main/java/com/tamalitos/malitos/MainActivity.kt:41:17 Unresolved reference 'DriveController'.
e: file:///home/rudys/proyectos/App%20gestion%20kt/app/src/main/java/com/tamalitos/malitos/MainActivity.kt:41:41 Cannot infer type for this parameter. Specify it explicitly.
e: file:///home/rudys/proyectos/App%20gestion%20kt/app/src/main/java/com/tamalitos/malitos/MainActivity.kt:94:19 Unresolved reference 'handleActivityResult'.
e: file:///home/rudys/proyectos/App%20gestion%20kt/app/src/main/java/com/tamalitos/malitos/UiBackup.kt:75:22 Unresolved reference 'DriveController'.
e: file:///home/rudys/proyectos/App%20gestion%20kt/app/src/main/java/com/tamalitos/malitos/UiBackup.kt:77:25 Unresolved reference 'DriveController'.
e: file:///home/rudys/proyectos/App%20gestion%20kt/app/src/main/java/com/tamalitos/malitos/UiBackup.kt:78:130 Unresolved reference 'connectAndBackup'.
e: file:///home/rudys/proyectos/App%20gestion%20kt/app/src/main/java/com/tamalitos/malitos/UiBackup.kt:83:25 Unresolved reference 'DriveController'.
e: file:///home/rudys/proyectos/App%20gestion%20kt/app/src/main/java/com/tamalitos/malitos/UiBackup.kt:86:17 Unresolved reference 'DriveController'.
e: file:///home/rudys/proyectos/App%20gestion%20kt/app/src/main/java/com/tamalitos/malitos/UiBackup.kt:87:25 Unresolved reference 'DriveController'.
e: file:///home/rudys/proyectos/App%20gestion%20kt/app/src/main/java/com/tamalitos/malitos/UiBackup.kt:93:70 Unresolved reference 'restoreLatest'.
e: file:///home/rudys/proyectos/App%20gestion%20kt/app/src/main/java/com/tamalitos/malitos/UiBackup.kt:96:23 Unresolved reference 'disconnect'.

FAILURE: Build failed with an exception.

* What went wrong:
Execution failed for task ':app:compileDebugKotlin'.
> A failure occurred while executing org.jetbrains.kotlin.compilerRunner.GradleCompilerRunnerWithWorkers$GradleKotlinCompilerWorkAction
   > Compilation error. See log for more details

* Try:
> Run with --stacktrace option to get the stack trace.
> Run with --info or --debug option to get more log output.
> Run with --scan to get full insights.
> Get more help at https://help.gradle.org.

BUILD FAILED in 28s
14 actionable tasks: 1 executed, 13 up-to-date
