To honour the JVM settings for this build a single-use Daemon process will be forked. For more on this, please refer to https://docs.gradle.org/8.11.1/userguide/gradle_daemon.html#sec:disabling_the_daemon in the Gradle documentation.
Daemon will be stopped at the end of the build 

> Configure project :app
Unable to initialize metrics, ensure /home/rudys/.android is writable, details: Unable to lock settings file /home/rudys/.android/analytics.settings

> Task :app:checkKotlinGradlePluginConfigurationErrors SKIPPED
> Task :app:preBuild UP-TO-DATE
> Task :app:preDebugBuild UP-TO-DATE
> Task :app:checkDebugAarMetadata
> Task :app:generateDebugResValues UP-TO-DATE
> Task :app:mapDebugSourceSetPaths
> Task :app:generateDebugResources UP-TO-DATE
> Task :app:mergeDebugResources
> Task :app:packageDebugResources UP-TO-DATE
> Task :app:parseDebugLocalResources
> Task :app:createDebugCompatibleScreenManifests UP-TO-DATE
> Task :app:extractDeepLinksDebug UP-TO-DATE
> Task :app:processDebugMainManifest
> Task :app:processDebugManifest
> Task :app:processDebugManifestForPackage
> Task :app:processDebugResources
> Task :app:compileDebugKotlin
e: file:///home/rudys/proyectos/App%20gestion%20kt/app/src/main/java/com/tamalitos/malitos/MainActivity.kt:16:34 Unresolved reference 'DriveController'.
e: file:///home/rudys/proyectos/App%20gestion%20kt/app/src/main/java/com/tamalitos/malitos/MainActivity.kt:39:17 Unresolved reference 'DriveController'.
e: file:///home/rudys/proyectos/App%20gestion%20kt/app/src/main/java/com/tamalitos/malitos/MainActivity.kt:39:41 Cannot infer type for this parameter. Specify it explicitly.
e: file:///home/rudys/proyectos/App%20gestion%20kt/app/src/main/java/com/tamalitos/malitos/MainActivity.kt:87:19 Unresolved reference 'handleActivityResult'.
e: file:///home/rudys/proyectos/App%20gestion%20kt/app/src/main/java/com/tamalitos/malitos/MainActivity.kt:88:9 Unresolved reference 'handleLocalBackupResult'.
e: file:///home/rudys/proyectos/App%20gestion%20kt/app/src/main/java/com/tamalitos/malitos/MainActivity.kt:128:31 Unresolved reference 'backupScreen'.
e: file:///home/rudys/proyectos/App%20gestion%20kt/app/src/main/java/com/tamalitos/malitos/MainActivity.kt:137:28 Unresolved reference 'report'.
e: file:///home/rudys/proyectos/App%20gestion%20kt/app/src/main/java/com/tamalitos/malitos/UiLedger.kt:26:26 Unresolved reference 'expenses'.
e: file:///home/rudys/proyectos/App%20gestion%20kt/app/src/main/java/com/tamalitos/malitos/UiLedger.kt:26:78 Unresolved reference 'it'.
e: file:///home/rudys/proyectos/App%20gestion%20kt/app/src/main/java/com/tamalitos/malitos/UiLedger.kt:27:88 Cannot infer type for this parameter. Specify it explicitly.
e: file:///home/rudys/proyectos/App%20gestion%20kt/app/src/main/java/com/tamalitos/malitos/UiLedger.kt:27:93 Cannot infer type for this parameter. Specify it explicitly.
e: file:///home/rudys/proyectos/App%20gestion%20kt/app/src/main/java/com/tamalitos/malitos/UiLedger.kt:27:131 Unresolved reference 'amountCents'.
e: file:///home/rudys/proyectos/App%20gestion%20kt/app/src/main/java/com/tamalitos/malitos/UiLedger.kt:29:24 Cannot infer type for this parameter. Specify it explicitly.
e: file:///home/rudys/proyectos/App%20gestion%20kt/app/src/main/java/com/tamalitos/malitos/UiLedger.kt:31:34 Unresolved reference 'description'.
e: file:///home/rudys/proyectos/App%20gestion%20kt/app/src/main/java/com/tamalitos/malitos/UiLedger.kt:32:69 Unresolved reference 'date'.
e: file:///home/rudys/proyectos/App%20gestion%20kt/app/src/main/java/com/tamalitos/malitos/UiLedger.kt:33:47 Unresolved reference 'amountCents'.
e: file:///home/rudys/proyectos/App%20gestion%20kt/app/src/main/java/com/tamalitos/malitos/UiLedger.kt:34:25 Unresolved reference 'notes'.
e: file:///home/rudys/proyectos/App%20gestion%20kt/app/src/main/java/com/tamalitos/malitos/UiLedger.kt:34:66 Unresolved reference 'notes'.
e: file:///home/rudys/proyectos/App%20gestion%20kt/app/src/main/java/com/tamalitos/malitos/UiLedger.kt:35:53 Unresolved reference 'description'.
e: file:///home/rudys/proyectos/App%20gestion%20kt/app/src/main/java/com/tamalitos/malitos/UiLedger.kt:35:90 Unresolved reference 'id'.
e: file:///home/rudys/proyectos/App%20gestion%20kt/app/src/main/java/com/tamalitos/malitos/UiLedger.kt:36:55 Unresolved reference 'description'.
e: file:///home/rudys/proyectos/App%20gestion%20kt/app/src/main/java/com/tamalitos/malitos/UiLedger.kt:37:61 Unresolved reference 'description'.
e: file:///home/rudys/proyectos/App%20gestion%20kt/app/src/main/java/com/tamalitos/malitos/UiLedger.kt:37:98 Unresolved reference 'amountCents'.
e: file:///home/rudys/proyectos/App%20gestion%20kt/app/src/main/java/com/tamalitos/malitos/UiLedger.kt:38:27 Unresolved reference 'deleteExpense'.
e: file:///home/rudys/proyectos/App%20gestion%20kt/app/src/main/java/com/tamalitos/malitos/UiLedger.kt:38:49 Unresolved reference 'id'.
e: file:///home/rudys/proyectos/App%20gestion%20kt/app/src/main/java/com/tamalitos/malitos/UiLedger.kt:46:50 Unresolved reference 'expenses'.
e: file:///home/rudys/proyectos/App%20gestion%20kt/app/src/main/java/com/tamalitos/malitos/UiLedger.kt:46:75 Unresolved reference 'it'.
e: file:///home/rudys/proyectos/App%20gestion%20kt/app/src/main/java/com/tamalitos/malitos/UiLedger.kt:48:100 Unresolved reference 'description'.
e: file:///home/rudys/proyectos/App%20gestion%20kt/app/src/main/java/com/tamalitos/malitos/UiLedger.kt:48:136 Unresolved reference 'description'.
e: file:///home/rudys/proyectos/App%20gestion%20kt/app/src/main/java/com/tamalitos/malitos/UiLedger.kt:49:114 Unresolved reference 'amountCents'.
e: file:///home/rudys/proyectos/App%20gestion%20kt/app/src/main/java/com/tamalitos/malitos/UiLedger.kt:49:173 Unresolved reference 'amountCents'.
e: file:///home/rudys/proyectos/App%20gestion%20kt/app/src/main/java/com/tamalitos/malitos/UiLedger.kt:52:9 'val' cannot be reassigned.
e: file:///home/rudys/proyectos/App%20gestion%20kt/app/src/main/java/com/tamalitos/malitos/UiLedger.kt:52:14 Assignment type mismatch: actual type is 'Int', but 'Long' was expected.
e: file:///home/rudys/proyectos/App%20gestion%20kt/app/src/main/java/com/tamalitos/malitos/UiLedger.kt:53:9 None of the following candidates is applicable:
fun setText(p0: CharSequence!): Unit
fun setText(p0: Int): Unit
e: file:///home/rudys/proyectos/App%20gestion%20kt/app/src/main/java/com/tamalitos/malitos/UiLedger.kt:53:43 Argument type mismatch: actual type is 'Comparable<CharCategory & String> & Serializable', but 'String' was expected.
e: file:///home/rudys/proyectos/App%20gestion%20kt/app/src/main/java/com/tamalitos/malitos/UiLedger.kt:60:88 Unresolved reference 'date'.
e: file:///home/rudys/proyectos/App%20gestion%20kt/app/src/main/java/com/tamalitos/malitos/UiLedger.kt:60:137 Unresolved reference 'date'.
e: file:///home/rudys/proyectos/App%20gestion%20kt/app/src/main/java/com/tamalitos/malitos/UiLedger.kt:61:83 Unresolved reference 'notes'.
e: file:///home/rudys/proyectos/App%20gestion%20kt/app/src/main/java/com/tamalitos/malitos/UiLedger.kt:61:113 Unresolved reference 'notes'.
e: file:///home/rudys/proyectos/App%20gestion%20kt/app/src/main/java/com/tamalitos/malitos/UiLedger.kt:68:15 Unresolved reference 'saveExpense'.
e: file:///home/rudys/proyectos/App%20gestion%20kt/app/src/main/java/com/tamalitos/malitos/UiLedger.kt:77:24 Unresolved reference 'report'.
e: file:///home/rudys/proyectos/App%20gestion%20kt/app/src/main/java/com/tamalitos/malitos/UiLedger.kt:92:26 Unresolved reference 'expenses'.
e: file:///home/rudys/proyectos/App%20gestion%20kt/app/src/main/java/com/tamalitos/malitos/UiLedger.kt:94:24 Unresolved reference 'it'.
e: file:///home/rudys/proyectos/App%20gestion%20kt/app/src/main/java/com/tamalitos/malitos/UiLedger.kt:94:38 Cannot infer type for this parameter. Specify it explicitly.
e: file:///home/rudys/proyectos/App%20gestion%20kt/app/src/main/java/com/tamalitos/malitos/UiLedger.kt:94:38 Not enough information to infer type argument for 'K'.
e: file:///home/rudys/proyectos/App%20gestion%20kt/app/src/main/java/com/tamalitos/malitos/UiLedger.kt:94:38 Not enough information to infer type argument for 'V'.
e: file:///home/rudys/proyectos/App%20gestion%20kt/app/src/main/java/com/tamalitos/malitos/UiLedger.kt:94:52 Cannot infer type for this parameter. Specify it explicitly.
e: file:///home/rudys/proyectos/App%20gestion%20kt/app/src/main/java/com/tamalitos/malitos/UiLedger.kt:94:52 Not enough information to infer type argument for 'V'.
e: file:///home/rudys/proyectos/App%20gestion%20kt/app/src/main/java/com/tamalitos/malitos/UiLedger.kt:94:63 Not enough information to infer type argument for 'V'.
e: file:///home/rudys/proyectos/App%20gestion%20kt/app/src/main/java/com/tamalitos/malitos/UiLedger.kt:94:73 Not enough information to infer type argument for 'V'.
e: file:///home/rudys/proyectos/App%20gestion%20kt/app/src/main/java/com/tamalitos/malitos/UiLedger.kt:95:78 Cannot infer type for this parameter. Specify it explicitly.
e: file:///home/rudys/proyectos/App%20gestion%20kt/app/src/main/java/com/tamalitos/malitos/UiLedger.kt:95:83 Cannot infer type for this parameter. Specify it explicitly.
e: file:///home/rudys/proyectos/App%20gestion%20kt/app/src/main/java/com/tamalitos/malitos/UiLedger.kt:95:121 Unresolved reference 'amountCents'.
e: file:///home/rudys/proyectos/App%20gestion%20kt/app/src/main/java/com/tamalitos/malitos/UiOrders.kt:206:27 Unresolved reference 'setOrderStatus'.
e: file:///home/rudys/proyectos/App%20gestion%20kt/app/src/main/java/com/tamalitos/malitos/UiOrders.kt:211:23 Unresolved reference 'setOrderStatus'.
e: file:///home/rudys/proyectos/App%20gestion%20kt/app/src/main/java/com/tamalitos/malitos/UiOrders.kt:237:15 Unresolved reference 'addPayment'.

> Task :app:compileDebugKotlin FAILED
w: Detected multiple Kotlin daemon sessions at 

FAILURE: Build failed with an exception.

* What went wrong:
Execution failed for task ':app:compileDebugKotlin'.
> A failure occurred while executing org.jetbrains.kotlin.compilerRunner.GradleCompilerRunnerWithWorkers$GradleKotlinCompilerWorkAction
   > Compilation error. See log for more details

* Try:
> Run with --stacktrace option to get the stack trace.
> Run with --info or --debug option to get more log output.
> Run with --scan to get full insights.
> Get more help at https://help.gradle.org.

BUILD FAILED in 4m 6s
14 actionable tasks: 9 executed, 5 up-to-date
